2026-08-04 19:50:16 0 [Note] Starting MariaDB 10.4.32-MariaDB source revision c4143f909528e3fab0677a28631d10389354c491 as process 25544
2026-08-04 19:50:16 0 [Note] InnoDB: Mutexes and rw_locks use Windows interlocked functions
2026-08-04 19:50:16 0 [Note] InnoDB: Uses event mutexes
2026-08-04 19:50:16 0 [Note] InnoDB: Compressed tables use zlib 1.3
2026-08-04 19:50:16 0 [Note] InnoDB: Number of pools: 1
2026-08-04 19:50:16 0 [Note] InnoDB: Using SSE2 crc32 instructions
2026-08-04 19:50:16 0 [Note] InnoDB: Initializing buffer pool, total size = 16M, instances = 1, chunk size = 16M
2026-08-04 19:50:16 0 [Note] InnoDB: Completed initialization of buffer pool
2026-08-04 19:50:16 0 [Note] InnoDB: Starting crash recovery from checkpoint LSN=300288
2026-08-04 19:50:17 0 [Note] InnoDB: 128 out of 128 rollback segments are active.
2026-08-04 19:50:17 0 [Note] InnoDB: Removed temporary tablespace data file: "ibtmp1"
2026-08-04 19:50:17 0 [Note] InnoDB: Creating shared tablespace for temporary tables
2026-08-04 19:50:17 0 [Note] InnoDB: Setting file 'C:\xampp\mysql\data\ibtmp1' size to 12 MB. Physically writing the file full; Please wait ...
2026-08-04 19:50:17 0 [Note] InnoDB: File 'C:\xampp\mysql\data\ibtmp1' size is now 12 MB.
2026-08-04 19:50:17 0 [Note] InnoDB: Waiting for purge to start
2026-08-04 19:50:17 0 [Note] InnoDB: 10.4.32 started; log sequence number 300297; transaction id 170
2026-08-04 19:50:17 0 [Note] InnoDB: Loading buffer pool(s) from C:\xampp\mysql\data\ib_buffer_pool
2026-08-04 19:50:17 0 [Note] Plugin 'FEEDBACK' is disabled.
2026-08-04 19:50:17 0 [Note] InnoDB: Buffer pool(s) load completed at 260804 19:50:17
2026-08-04 19:50:17 0 [Note] Server socket created on IP: '::'.
2026-08-04 19:50:17 0 [ERROR] Can't start server: Bind on TCP/IP port. Got error: 10048: Solo se permite un uso de cada dirección de socket (protocolo/dirección de red/puerto)

2026-08-04 19:50:17 0 [ERROR] Do you already have another mysqld server running on port: 3306 ?
2026-08-04 19:50:17 0 [ERROR] Aborting
2026-08-04 19:50:35 0 [Note] Starting MariaDB 10.4.32-MariaDB source revision c4143f909528e3fab0677a28631d10389354c491 as process 28436
2026-08-04 19:50:35 0 [Note] InnoDB: Mutexes and rw_locks use Windows interlocked functions
2026-08-04 19:50:35 0 [Note] InnoDB: Uses event mutexes
2026-08-04 19:50:35 0 [Note] InnoDB: Compressed tables use zlib 1.3
2026-08-04 19:50:35 0 [Note] InnoDB: Number of pools: 1
2026-08-04 19:50:35 0 [Note] InnoDB: Using SSE2 crc32 instructions
2026-08-04 19:50:35 0 [Note] InnoDB: Initializing buffer pool, total size = 16M, instances = 1, chunk size = 16M
2026-08-04 19:50:35 0 [Note] InnoDB: Completed initialization of buffer pool
2026-08-04 19:50:35 0 [Note] InnoDB: 128 out of 128 rollback segments are active.
2026-08-04 19:50:35 0 [Note] InnoDB: Creating shared tablespace for temporary tables
2026-08-04 19:50:35 0 [Note] InnoDB: Setting file 'C:\xampp\mysql\data\ibtmp1' size to 12 MB. Physically writing the file full; Please wait ...
2026-08-04 19:50:35 0 [Note] InnoDB: File 'C:\xampp\mysql\data\ibtmp1' size is now 12 MB.
2026-08-04 19:50:35 0 [Note] InnoDB: Waiting for purge to start
2026-08-04 19:50:35 0 [Note] InnoDB: 10.4.32 started; log sequence number 300306; transaction id 170
2026-08-04 19:50:35 0 [Note] InnoDB: Loading buffer pool(s) from C:\xampp\mysql\data\ib_buffer_pool
2026-08-04 19:50:35 0 [Note] Plugin 'FEEDBACK' is disabled.
2026-08-04 19:50:35 0 [Note] Server socket created on IP: '::'.
2026-08-04 19:50:35 0 [ERROR] Can't start server: Bind on TCP/IP port. Got error: 10048: Solo se permite un uso de cada dirección de socket (protocolo/dirección de red/puerto)

2026-08-04 19:50:35 0 [ERROR] Do you already have another mysqld server running on port: 3306 ?
2026-08-04 19:50:35 0 [Note] InnoDB: Buffer pool(s) load completed at 260804 19:50:35
2026-08-04 19:50:35 0 [ERROR] Aborting
2026-08-04 19:51:15 0 [Note] Starting MariaDB 10.4.32-MariaDB source revision c4143f909528e3fab0677a28631d10389354c491 as process 9764
2026-08-04 19:51:15 0 [Note] InnoDB: Mutexes and rw_locks use Windows interlocked functions
2026-08-04 19:51:15 0 [Note] InnoDB: Uses event mutexes
2026-08-04 19:51:15 0 [Note] InnoDB: Compressed tables use zlib 1.3
2026-08-04 19:51:15 0 [Note] InnoDB: Number of pools: 1
2026-08-04 19:51:15 0 [Note] InnoDB: Using SSE2 crc32 instructions
2026-08-04 19:51:15 0 [Note] InnoDB: Initializing buffer pool, total size = 16M, instances = 1, chunk size = 16M
2026-08-04 19:51:15 0 [Note] InnoDB: Completed initialization of buffer pool
2026-08-04 19:51:15 0 [Note] InnoDB: 128 out of 128 rollback segments are active.
2026-08-04 19:51:15 0 [Note] InnoDB: Creating shared tablespace for temporary tables
2026-08-04 19:51:15 0 [Note] InnoDB: Setting file 'C:\xampp\mysql\data\ibtmp1' size to 12 MB. Physically writing the file full; Please wait ...
2026-08-04 19:51:15 0 [Note] InnoDB: File 'C:\xampp\mysql\data\ibtmp1' size is now 12 MB.
2026-08-04 19:51:15 0 [Note] InnoDB: Waiting for purge to start
2026-08-04 19:51:15 0 [Note] InnoDB: 10.4.32 started; log sequence number 300315; transaction id 170
2026-08-04 19:51:15 0 [Note] InnoDB: Loading buffer pool(s) from C:\xampp\mysql\data\ib_buffer_pool
2026-08-04 19:51:15 0 [Note] Plugin 'FEEDBACK' is disabled.
2026-08-04 19:51:15 0 [Note] Server socket created on IP: '::'.
2026-08-04 19:51:15 0 [ERROR] Can't start server: Bind on TCP/IP port. Got error: 10048: Solo se permite un uso de cada dirección de socket (protocolo/dirección de red/puerto)

2026-08-04 19:51:15 0 [Note] InnoDB: Buffer pool(s) load completed at 260804 19:51:15
2026-08-04 19:51:15 0 [ERROR] Do you already have another mysqld server running on port: 3306 ?
2026-08-04 19:51:15 0 [ERROR] Aborting
2026-08-04 19:51:54 0 [Note] Starting MariaDB 10.4.32-MariaDB source revision c4143f909528e3fab0677a28631d10389354c491 as process 14644
2026-08-04 19:51:54 0 [Note] InnoDB: Mutexes and rw_locks use Windows interlocked functions
2026-08-04 19:51:54 0 [Note] InnoDB: Uses event mutexes
2026-08-04 19:51:54 0 [Note] InnoDB: Compressed tables use zlib 1.3
2026-08-04 19:51:54 0 [Note] InnoDB: Number of pools: 1
2026-08-04 19:51:54 0 [Note] InnoDB: Using SSE2 crc32 instructions
2026-08-04 19:51:54 0 [Note] InnoDB: Initializing buffer pool, total size = 16M, instances = 1, chunk size = 16M
2026-08-04 19:51:54 0 [Note] InnoDB: Completed initialization of buffer pool
2026-08-04 19:51:54 0 [Note] InnoDB: 128 out of 128 rollback segments are active.
2026-08-04 19:51:54 0 [Note] InnoDB: Creating shared tablespace for temporary tables
2026-08-04 19:51:54 0 [Note] InnoDB: Setting file 'C:\xampp\mysql\data\ibtmp1' size to 12 MB. Physically writing the file full; Please wait ...
2026-08-04 19:51:54 0 [Note] InnoDB: File 'C:\xampp\mysql\data\ibtmp1' size is now 12 MB.
2026-08-04 19:51:54 0 [Note] InnoDB: Waiting for purge to start
2026-08-04 19:51:54 0 [Note] InnoDB: 10.4.32 started; log sequence number 300324; transaction id 170
2026-08-04 19:51:54 0 [Note] Plugin 'FEEDBACK' is disabled.
2026-08-04 19:51:54 0 [Note] InnoDB: Loading buffer pool(s) from C:\xampp\mysql\data\ib_buffer_pool
2026-08-04 19:51:54 0 [Note] Server socket created on IP: '::'.
2026-08-04 19:51:54 0 [Note] InnoDB: Buffer pool(s) load completed at 260804 19:51:54
2026-08-04 19:51:54 0 [ERROR] Can't start server: Bind on TCP/IP port. Got error: 10048: Solo se permite un uso de cada dirección de socket (protocolo/dirección de red/puerto)

2026-08-04 19:51:54 0 [ERROR] Do you already have another mysqld server running on port: 3306 ?
2026-08-04 19:51:54 0 [ERROR] Aborting
2026-08-04 19:56:09 0 [Note] Starting MariaDB 10.4.32-MariaDB source revision c4143f909528e3fab0677a28631d10389354c491 as process 24848
2026-08-04 19:56:09 0 [Note] InnoDB: Mutexes and rw_locks use Windows interlocked functions
2026-08-04 19:56:09 0 [Note] InnoDB: Uses event mutexes
2026-08-04 19:56:09 0 [Note] InnoDB: Compressed tables use zlib 1.3
2026-08-04 19:56:09 0 [Note] InnoDB: Number of pools: 1
2026-08-04 19:56:09 0 [Note] InnoDB: Using SSE2 crc32 instructions
2026-08-04 19:56:09 0 [Note] InnoDB: Initializing buffer pool, total size = 16M, instances = 1, chunk size = 16M
2026-08-04 19:56:09 0 [Note] InnoDB: Completed initialization of buffer pool
2026-08-04 19:56:10 0 [Note] InnoDB: 128 out of 128 rollback segments are active.
2026-08-04 19:56:10 0 [Note] InnoDB: Creating shared tablespace for temporary tables
2026-08-04 19:56:10 0 [Note] InnoDB: Setting file 'C:\xampp\mysql\data\ibtmp1' size to 12 MB. Physically writing the file full; Please wait ...
2026-08-04 19:56:10 0 [Note] InnoDB: File 'C:\xampp\mysql\data\ibtmp1' size is now 12 MB.
2026-08-04 19:56:10 0 [Note] InnoDB: Waiting for purge to start
2026-08-04 19:56:10 0 [Note] InnoDB: 10.4.32 started; log sequence number 300333; transaction id 170
2026-08-04 19:56:10 0 [Note] InnoDB: Loading buffer pool(s) from C:\xampp\mysql\data\ib_buffer_pool
2026-08-04 19:56:10 0 [Note] Plugin 'FEEDBACK' is disabled.
2026-08-04 19:56:10 0 [Note] Server socket created on IP: '::'.
2026-08-04 20:22:34 0 [Note] Starting MariaDB 10.4.32-MariaDB source revision c4143f909528e3fab0677a28631d10389354c491 as process 15868
2026-08-04 20:22:34 0 [Note] InnoDB: Mutexes and rw_locks use Windows interlocked functions
2026-08-04 20:22:34 0 [Note] InnoDB: Uses event mutexes
2026-08-04 20:22:34 0 [Note] InnoDB: Compressed tables use zlib 1.3
2026-08-04 20:22:34 0 [Note] InnoDB: Number of pools: 1
2026-08-04 20:22:34 0 [Note] InnoDB: Using SSE2 crc32 instructions
2026-08-04 20:22:34 0 [Note] InnoDB: Initializing buffer pool, total size = 16M, instances = 1, chunk size = 16M
2026-08-04 20:22:34 0 [Note] InnoDB: Completed initialization of buffer pool
2026-08-04 20:22:34 0 [Note] InnoDB: 128 out of 128 rollback segments are active.
2026-08-04 20:22:34 0 [Note] InnoDB: Creating shared tablespace for temporary tables
2026-08-04 20:22:34 0 [Note] InnoDB: Setting file 'C:\xampp\mysql\data\ibtmp1' size to 12 MB. Physically writing the file full; Please wait ...
2026-08-04 20:22:34 0 [Note] InnoDB: File 'C:\xampp\mysql\data\ibtmp1' size is now 12 MB.
2026-08-04 20:22:34 0 [Note] InnoDB: Waiting for purge to start
2026-08-04 20:22:34 0 [Note] InnoDB: 10.4.32 started; log sequence number 300342; transaction id 170
2026-08-04 20:22:34 0 [Note] InnoDB: Loading buffer pool(s) from C:\xampp\mysql\data\ib_buffer_pool
2026-08-04 20:22:34 0 [Note] Plugin 'FEEDBACK' is disabled.
2026-08-04 20:22:34 0 [Note] Server socket created on IP: '::'.
2026-08-10 22:13:40 0 [Note] Starting MariaDB 10.4.32-MariaDB source revision c4143f909528e3fab0677a28631d10389354c491 as process 27100
2026-08-10 22:13:40 0 [Note] InnoDB: Mutexes and rw_locks use Windows interlocked functions
2026-08-10 22:13:40 0 [Note] InnoDB: Uses event mutexes
2026-08-10 22:13:40 0 [Note] InnoDB: Compressed tables use zlib 1.3
2026-08-10 22:13:40 0 [Note] InnoDB: Number of pools: 1
2026-08-10 22:13:40 0 [Note] InnoDB: Using SSE2 crc32 instructions
2026-08-10 22:13:40 0 [Note] InnoDB: Initializing buffer pool, total size = 16M, instances = 1, chunk size = 16M
2026-08-10 22:13:40 0 [Note] InnoDB: Completed initialization of buffer pool
2026-08-10 22:13:40 0 [Note] InnoDB: Starting crash recovery from checkpoint LSN=300342
2026-08-10 22:13:40 0 [Note] InnoDB: 128 out of 128 rollback segments are active.
2026-08-10 22:13:40 0 [Note] InnoDB: Removed temporary tablespace data file: "ibtmp1"
2026-08-10 22:13:40 0 [Note] InnoDB: Creating shared tablespace for temporary tables
2026-08-10 22:13:40 0 [Note] InnoDB: Setting file 'C:\xampp\mysql\data\ibtmp1' size to 12 MB. Physically writing the file full; Please wait ...
2026-08-10 22:13:40 0 [Note] InnoDB: File 'C:\xampp\mysql\data\ibtmp1' size is now 12 MB.
2026-08-10 22:13:40 0 [Note] InnoDB: Waiting for purge to start
2026-08-10 22:13:41 0 [Note] InnoDB: 10.4.32 started; log sequence number 300351; transaction id 170
2026-08-10 22:13:41 0 [Note] InnoDB: Loading buffer pool(s) from C:\xampp\mysql\data\ib_buffer_pool
2026-08-10 22:13:41 0 [Note] Plugin 'FEEDBACK' is disabled.
2026-08-10 22:13:41 0 [Note] InnoDB: Buffer pool(s) load completed at 260810 22:13:41
2026-08-10 22:13:41 0 [Note] Server socket created on IP: '::'.
2026-08-11  9:41:38 0 [Note] Starting MariaDB 10.4.32-MariaDB source revision c4143f909528e3fab0677a28631d10389354c491 as process 25692
2026-08-11  9:41:38 0 [Note] InnoDB: Mutexes and rw_locks use Windows interlocked functions
2026-08-11  9:41:38 0 [Note] InnoDB: Uses event mutexes
2026-08-11  9:41:38 0 [Note] InnoDB: Compressed tables use zlib 1.3
2026-08-11  9:41:38 0 [Note] InnoDB: Number of pools: 1
2026-08-11  9:41:38 0 [Note] InnoDB: Using SSE2 crc32 instructions
2026-08-11  9:41:38 0 [Note] InnoDB: Initializing buffer pool, total size = 16M, instances = 1, chunk size = 16M
2026-08-11  9:41:38 0 [Note] InnoDB: Completed initialization of buffer pool
2026-08-11  9:41:38 0 [Note] InnoDB: Starting crash recovery from checkpoint LSN=373624
2026-08-11  9:41:38 0 [Note] InnoDB: 128 out of 128 rollback segments are active.
2026-08-11  9:41:38 0 [Note] InnoDB: Removed temporary tablespace data file: "ibtmp1"
2026-08-11  9:41:38 0 [Note] InnoDB: Creating shared tablespace for temporary tables
2026-08-11  9:41:38 0 [Note] InnoDB: Setting file 'C:\xampp\mysql\data\ibtmp1' size to 12 MB. Physically writing the file full; Please wait ...
2026-08-11  9:41:38 0 [Note] InnoDB: File 'C:\xampp\mysql\data\ibtmp1' size is now 12 MB.
2026-08-11  9:41:38 0 [Note] InnoDB: Waiting for purge to start
2026-08-11  9:41:38 0 [Note] InnoDB: 10.4.32 started; log sequence number 373633; transaction id 482
2026-08-11  9:41:38 0 [Note] InnoDB: Loading buffer pool(s) from C:\xampp\mysql\data\ib_buffer_pool
2026-08-11  9:41:38 0 [Note] Plugin 'FEEDBACK' is disabled.
2026-08-11  9:41:38 0 [Note] Server socket created on IP: '::'.
2026-08-11 19:23:36 0 [Note] Starting MariaDB 10.4.32-MariaDB source revision c4143f909528e3fab0677a28631d10389354c491 as process 9652
2026-08-11 19:23:36 0 [Note] InnoDB: Mutexes and rw_locks use Windows interlocked functions
2026-08-11 19:23:36 0 [Note] InnoDB: Uses event mutexes
2026-08-11 19:23:36 0 [Note] InnoDB: Compressed tables use zlib 1.3
2026-08-11 19:23:36 0 [Note] InnoDB: Number of pools: 1
2026-08-11 19:23:36 0 [Note] InnoDB: Using SSE2 crc32 instructions
2026-08-11 19:23:36 0 [Note] InnoDB: Initializing buffer pool, total size = 16M, instances = 1, chunk size = 16M
2026-08-11 19:23:36 0 [Note] InnoDB: Completed initialization of buffer pool
2026-08-11 19:23:36 0 [Note] InnoDB: Starting crash recovery from checkpoint LSN=373642
2026-08-11 19:23:36 0 [Note] InnoDB: 128 out of 128 rollback segments are active.
2026-08-11 19:23:36 0 [Note] InnoDB: Removed temporary tablespace data file: "ibtmp1"
2026-08-11 19:23:36 0 [Note] InnoDB: Creating shared tablespace for temporary tables
2026-08-11 19:23:36 0 [Note] InnoDB: Setting file 'C:\xampp\mysql\data\ibtmp1' size to 12 MB. Physically writing the file full; Please wait ...
2026-08-11 19:23:36 0 [Note] InnoDB: File 'C:\xampp\mysql\data\ibtmp1' size is now 12 MB.
2026-08-11 19:23:36 0 [Note] InnoDB: Waiting for purge to start
2026-08-11 19:23:36 0 [Note] InnoDB: 10.4.32 started; log sequence number 373651; transaction id 482
2026-08-11 19:23:36 0 [Note] InnoDB: Loading buffer pool(s) from C:\xampp\mysql\data\ib_buffer_pool
2026-08-11 19:23:36 0 [Note] Plugin 'FEEDBACK' is disabled.
2026-08-11 19:23:36 0 [Note] Server socket created on IP: '::'.
2022026-08-12  9:58:19 0 [Note] Starting MariaDB 10.4.32-MariaDB source revision c4143f909528e3fab0677a28631d10389354c491 as process 24956
2026-08-12  9:58:19 0 [Note] InnoDB: Mutexes and rw_locks use Windows interlocked functions
2026-08-12  9:58:19 0 [Note] InnoDB: Uses event mutexes
2026-08-12  9:58:19 0 [Note] InnoDB: Compressed tables use zlib 1.3
2026-08-12  9:58:19 0 [Note] InnoDB: Number of pools: 1
2026-08-12  9:58:19 0 [Note] InnoDB: Using SSE2 crc32 instructions
2026-08-12  9:58:19 0 [Note] InnoDB: Initializing buffer pool, total size = 16M, instances = 1, chunk size = 16M
2026-08-12  9:58:19 0 [Note] InnoDB: Completed initialization of buffer pool
2026-08-12  9:58:19 0 [Note] InnoDB: Starting crash recovery from checkpoint LSN=456436
2026-08-12  9:58:19 0 [Note] InnoDB: 128 out of 128 rollback segments are active.
2026-08-12  9:58:19 0 [Note] InnoDB: Removed temporary tablespace data file: "ibtmp1"
2026-08-12  9:58:19 0 [Note] InnoDB: Creating shared tablespace for temporary tables
2026-08-12  9:58:19 0 [Note] InnoDB: Setting file 'C:\xampp\mysql\data\ibtmp1' size to 12 MB. Physically writing the file full; Please wait ...
2026-08-12  9:58:19 0 [Note] InnoDB: File 'C:\xampp\mysql\data\ibtmp1' size is now 12 MB.
2026-08-12  9:58:19 0 [Note] InnoDB: Waiting for purge to start
2026-08-12  9:58:19 0 [Note] InnoDB: 10.4.32 started; log sequence number 456445; transaction id 752
2026-08-12  9:58:19 0 [Note] InnoDB: Loading buffer pool(s) from C:\xampp\mysql\data\ib_buffer_pool
2026-08-12  9:58:19 0 [Note] Plugin 'FEEDBACK' is disabled.
2026-08-12  9:58:19 0 [Note] Server socket created on IP: '::'.
2026-08-12  9:58:19 0 [ERROR] mysqld.exe: Table '.\mysql\db' is marked as crashed and should be repaired
2026-08-12  9:58:19 0 [Note] InnoDB: Buffer pool(s) load completed at 260812  9:58:19
2026-08-12  9:58:19 0 [Warning] Recovering table: '.\mysql\db'
2026-08-12  9:58:19 0 [ERROR] Couldn't repair table: mysql.db
2026-08-12  9:58:19 0 [ERROR] Fatal error: Can't open and lock privilege tables: Index for table 'db' is corrupt; try to repair it
2026-08-12  9:58:19 0 [ERROR] Aborting
2026-08-12  9:58:21 0 [ERROR] mysqld.exe: Aria engine: checkpoint failed
2026-08-12 10:03:37 0 [Note] Starting MariaDB 10.4.32-MariaDB source revision c4143f909528e3fab0677a28631d10389354c491 as process 30260
2026-08-12 10:03:37 0 [Note] InnoDB: Mutexes and rw_locks use Windows interlocked functions
2026-08-12 10:03:37 0 [Note] InnoDB: Uses event mutexes
2026-08-12 10:03:37 0 [Note] InnoDB: Compressed tables use zlib 1.3
2026-08-12 10:03:37 0 [Note] InnoDB: Number of pools: 1
2026-08-12 10:03:37 0 [Note] InnoDB: Using SSE2 crc32 instructions
2026-08-12 10:03:37 0 [Note] InnoDB: Initializing buffer pool, total size = 16M, instances = 1, chunk size = 16M
2026-08-12 10:03:37 0 [Note] InnoDB: Completed initialization of buffer pool
2026-08-12 10:03:37 0 [Note] InnoDB: 128 out of 128 rollback segments are active.
2026-08-12 10:03:37 0 [Note] InnoDB: Creating shared tablespace for temporary tables
2026-08-12 10:03:37 0 [Note] InnoDB: Setting file 'C:\xampp\mysql\data\ibtmp1' size to 12 MB. Physically writing the file full; Please wait ...
2026-08-12 10:03:37 0 [Note] InnoDB: File 'C:\xampp\mysql\data\ibtmp1' size is now 12 MB.
2026-08-12 10:03:37 0 [Note] InnoDB: Waiting for purge to start
2026-08-12 10:03:37 0 [Note] InnoDB: 10.4.32 started; log sequence number 456454; transaction id 752
2026-08-12 10:03:37 0 [Note] InnoDB: Loading buffer pool(s) from C:\xampp\mysql\data\ib_buffer_pool
2026-08-12 10:03:37 0 [Note] Plugin 'FEEDBACK' is disabled.
2026-08-12 10:03:37 0 [Note] Server socket created on IP: '::'.
2026-08-13 22:54:57 0 [Note] Starting MariaDB 10.4.32-MariaDB source revision c4143f909528e3fab0677a28631d10389354c491 as process 31584
2026-08-13 22:54:57 0 [Note] InnoDB: Mutexes and rw_locks use Windows interlocked functions
2026-08-13 22:54:57 0 [Note] InnoDB: Uses event mutexes
2026-08-13 22:54:57 0 [Note] InnoDB: Compressed tables use zlib 1.3
2026-08-13 22:54:57 0 [Note] InnoDB: Number of pools: 1
2026-08-13 22:54:57 0 [Note] InnoDB: Using SSE2 crc32 instructions
2026-08-13 22:54:57 0 [Note] InnoDB: Initializing buffer pool, total size = 16M, instances = 1, chunk size = 16M
2026-08-13 22:54:57 0 [Note] InnoDB: Completed initialization of buffer pool
2026-08-13 22:54:57 0 [Note] InnoDB: Starting crash recovery from checkpoint LSN=456454
2026-08-13 22:54:57 0 [Note] InnoDB: 128 out of 128 rollback segments are active.
2026-08-13 22:54:57 0 [Note] InnoDB: Removed temporary tablespace data file: "ibtmp1"
2026-08-13 22:54:57 0 [Note] InnoDB: Creating shared tablespace for temporary tables
2026-08-13 22:54:57 0 [Note] InnoDB: Setting file 'C:\xampp\mysql\data\ibtmp1' size to 12 MB. Physically writing the file full; Please wait ...
2026-08-13 22:54:57 0 [Note] InnoDB: File 'C:\xampp\mysql\data\ibtmp1' size is now 12 MB.
2026-08-13 22:54:57 0 [Note] InnoDB: Waiting for purge to start
2026-08-13 22:54:57 0 [Note] InnoDB: 10.4.32 started; log sequence number 456463; transaction id 752
2026-08-13 22:54:57 0 [Note] InnoDB: Loading buffer pool(s) from C:\xampp\mysql\data\ib_buffer_pool
2026-08-13 22:54:57 0 [Note] Plugin 'FEEDBACK' is disabled.
2026-08-13 22:54:57 0 [Note] InnoDB: Buffer pool(s) load completed at 260813 22:54:57
2026-08-13 22:54:57 0 [Note] Server socket created on IP: '::'.
